{
  "year": 2021,
  "month": 5,
  "newDiscs": 66,
  "newUsers": 55,
  "newManufacturers": 44,
  "newPlastics": 33,
  "newMolds": 22,
  "salesCompleted": 11
}