{
  "content": [
    {
      "manufacturer": {
        "name": "Discmania"
      },
      "name": "PD",
      "speed": 10.0,
      "glide": 4.0,
      "stability": 0.0,
      "fade": 3.0
    },
    {
      "manufacturer": {
        "name": "Discmania"
      },
      "name": "FD",
      "speed": 7.0,
      "glide": 6.0,
      "stability": -1.0,
      "fade": 1.0
    }
  ],
  "pageable": "INSTANCE",
  "last": true,
  "totalPages": 1,
  "totalElements": 2,
  "first": true,
  "number": 0,
  "sort": {
    "sorted": false,
    "unsorted": true,
    "empty": true
  },
  "numberOfElements": 2,
  "size": 2,
  "empty": false
}