{
  "content": [
    {
      "valmistaja": "Innova",
      "kiekko": "Destroyer",
      "nopeus": 12.0,
      "liito": 5.0,
      "vakaus": -1.0,
      "feidi": 3.0
    },
    {
      "valmistaja": "Innova",
      "kiekko": "Roc",
      "nopeus": 4.0,
      "liito": 4.0,
      "vakaus": 0.0,
      "feidi": 3.0
    }
  ],
  "pageable": "INSTANCE",
  "last": true,
  "totalPages": 1,
  "totalElements": 2,
  "first": true,
  "number": 0,
  "sort": {
    "sorted": false,
    "unsorted": true,
    "empty": true
  },
  "numberOfElements": 2,
  "size": 2,
  "empty": false
}