{
  "kiekko": "New Mold",
  "valmistaja": "Discmania",
  "nopeus": 1.0,
  "liito": 2.0,
  "vakaus": 3.0,
  "feidi": 4.0,
  "id": 66
}