[
  {
    "name": "rimmiss√§",
    "value": 1
  },
  {
    "name": "pohjassa",
    "value": 2
  }
]