{
  "username": "Other",
  "email": "other@example.com",
  "firstName": "New",
  "lastName": "User",
  "pdgaNumber": 0,
  "jwt": null,
  "publicList": false,
  "publicDiscCount": false,
  "discCount": 0
}