[
  {
    "username": "test user",
    "discCount": 55
  }
]