[
 {
  "username": "test user",
  "email": "test@example.com",
  "level": 1,
  "firstName": "New",
  "lastName": "User",
  "pdgaNumber": 0,
  "jwt": null,
  "publicList": true,
  "publicDiscCount": true,
  "discCount": 55
 }
]