{
  "content": [
    {
      "name": "FD",
      "manufacturer": {
        "name": "Discmania"
      },
      "speed": 7.0,
      "glide": 6.0,
      "stability": -1.0,
      "fade": 1.0,
      "id": 0
    },
    {
      "name": "PD",
      "manufacturer": {
        "name": "Discmania"
      },
      "speed": 10.0,
      "glide": 4.0,
      "stability": 0.0,
      "fade": 3.0,
      "id": 1
    },
    {
      "name": "Destroyer",
      "manufacturer": {
        "name": "Innova"
      },
      "speed": 12.0,
      "glide": 5.0,
      "stability": -1.0,
      "fade": 3.0,
      "id": 10
    },
    {
      "name": "Roc",
      "manufacturer": {
        "name": "Innova"
      },
      "speed": 4.0,
      "glide": 4.0,
      "stability": 0.0,
      "fade": 2.0,
      "id": 11
    },
    {
      "name": "Harp",
      "manufacturer": {
        "name": "Westside"
      },
      "speed": 4.0,
      "glide": 3.0,
      "stability": 0.0,
      "fade": 3.0,
      "id": 20
    },
    {
      "name": "Hatchet",
      "manufacturer": {
        "name": "Westside"
      },
      "speed": 9.0,
      "glide": 6.0,
      "stability": -2.0,
      "fade": 2.0,
      "id": 21
    }
  ],
  "pageable": "INSTANCE",
  "last": true,
  "totalPages": 1,
  "totalElements": 6,
  "sort": {
    "sorted": false,
    "unsorted": true,
    "empty": true
  },
  "first": true,
  "number": 0,
  "numberOfElements": 6,
  "size": 6,
  "empty": false
}