{
  "manufacturers": [
    {
      "value": 0,
      "name": "Discmania"
    },
    {
      "value": 1,
      "name": "Innova"
    },
    {
      "value": 2,
      "name": "Westside"
    }
  ],
  "molds": [
    {
      "value": 0,
      "name": "FD"
    },
    {
      "value": 1,
      "name": "PD"
    },
    {
      "value": 10,
      "name": "Destroyer"
    },
    {
      "value": 11,
      "name": "Roc"
    },
    {
      "value": 20,
      "name": "Harp"
    },
    {
      "value": 21,
      "name": "Hatchet"
    }
  ],
  "plastics": [
    {
      "value": 0,
      "name": "S-Line"
    },
    {
      "value": 1,
      "name": "C-Line"
    },
    {
      "value": 10,
      "name": "Star"
    },
    {
      "value": 11,
      "name": "Champion"
    },
    {
      "value": 20,
      "name": "VIP"
    }
  ],
  "colors": [
    {
      "value": 0,
      "name": "Valkoinen"
    },
    {
      "value": 1,
      "name": "Keltainen"
    }
  ],
  "conditions": [
    {
      "value": 10,
      "name": "10/10"
    },
    {
      "value": 8,
      "name": "8/10"
    },
    {
      "value": 5,
      "name": "5/10"
    },
    {
      "value": 4,
      "name": "4/10"
    }
  ],
  "markings": [
    {
      "value": 0,
      "name": "Ei merkintöjä"
    }
  ]
}