{
  "content": [
    {
      "createdAt": null,
      "updatedAt": null,
      "id": null,
      "year": 2020,
      "month": 1,
      "newDiscs": 11,
      "newUsers": 33,
      "newManufacturers": 44,
      "newPlastics": 55,
      "newMolds": 22,
      "salesCompleted": 66
    }
  ],
  "pageable": "INSTANCE",
  "last": true,
  "totalPages": 1,
  "totalElements": 1,
  "first": true,
  "sort": {
    "sorted": false,
    "unsorted": true,
    "empty": true
  },
  "number": 0,
  "numberOfElements": 1,
  "size": 1,
  "empty": false
}