[
  {
    "id": 1,
    "disc": {
      "id": 1,
      "owner": {
        "id": 1,
        "username": "User",
        "email": "test@example.com",
        "level": 1,
        "firstName": "New",
        "lastName": "User",
        "pdgaNumber": 0,
        "jwt": null,
        "publicList": false,
        "publicDiscCount": false,
        "discCount": 0
      },
      "mold": {
        "id": 1,
        "manufacturer": {
          "id": 1,
          "name": "Test manufacturer"
        },
        "name": "Test mold",
        "speed": 0,
        "glide": 0,
        "stability": 0,
        "fade": 0
      },
      "plastic": {
        "id": 1,
        "manufacturer": {
          "id": 1,
          "name": "Test manufacturer"
        },
        "name": "Test plastic"
      },
      "color": {
        "id": 1,
        "name": "Test color"
      },
      "image": "",
      "weight": 175,
      "condition": 10,
      "glow": false,
      "special": false,
      "dyed": false,
      "swirly": false,
      "markings": 1,
      "forSale": false,
      "price": 0,
      "description": "",
      "lostAndFound": false,
      "itb": false,
      "publicDisc": false,
      "lost": false
    },
    "seller": {
      "id": 1,
      "username": "User",
      "email": "test@example.com",
      "level": 1,
      "firstName": "New",
      "lastName": "User",
      "pdgaNumber": 0,
      "jwt": null,
      "publicList": false,
      "publicDiscCount": false,
      "discCount": 0
    },
    "buyer": {
      "id": 2,
      "username": "Other",
      "email": "other@example.com",
      "level": 1,
      "firstName": "New",
      "lastName": "User",
      "pdgaNumber": 0,
      "jwt": null,
      "publicList": false,
      "publicDiscCount": false,
      "discCount": 0
    },
    "status": "REQUESTED"
  },
  {
    "id": 2,
    "disc": {
      "id": 2,
      "owner": {
        "id": 2,
        "username": "Other",
        "email": "other@example.com",
        "level": 1,
        "firstName": "New",
        "lastName": "User",
        "pdgaNumber": 0,
        "jwt": null,
        "publicList": false,
        "publicDiscCount": false,
        "discCount": 0
      },
      "mold": {
        "id": 1,
        "manufacturer": {
          "id": 1,
          "name": "Test manufacturer"
        },
        "name": "Test mold",
        "speed": 0,
        "glide": 0,
        "stability": 0,
        "fade": 0
      },
      "plastic": {
        "id": 1,
        "manufacturer": {
          "id": 1,
          "name": "Test manufacturer"
        },
        "name": "Test plastic"
      },
      "color": {
        "id": 1,
        "name": "Test color"
      },
      "image": "",
      "weight": 175,
      "condition": 10,
      "glow": false,
      "special": false,
      "dyed": false,
      "swirly": false,
      "markings": 1,
      "forSale": false,
      "price": 0,
      "description": "",
      "lostAndFound": false,
      "itb": false,
      "publicDisc": false,
      "lost": false
    },
    "seller": {
      "id": 2,
      "username": "Other",
      "email": "other@example.com",
      "level": 1,
      "firstName": "New",
      "lastName": "User",
      "pdgaNumber": 0,
      "jwt": null,
      "publicList": false,
      "publicDiscCount": false,
      "discCount": 0
    },
    "buyer": {
      "id": 1,
      "username": "User",
      "email": "test@example.com",
      "level": 1,
      "firstName": "New",
      "lastName": "User",
      "pdgaNumber": 0,
      "jwt": null,
      "publicList": false,
      "publicDiscCount": false,
      "discCount": 0
    },
    "status": "REQUESTED"
  }
]