[
  {
    "name": "Champion"
  },
  {
    "name": "Star"
  },
  {
    "name": "C-Line"
  },
  {
    "name": "S-Line"
  }
]