[
  {
    "muovi": "Champion"
  },
  {
    "muovi": "Star"
  },
  {
    "muovi": "C-Line"
  },
  {
    "muovi": "S-Line"
  }
]