{
  "group": {
    "id": 1,
    "name": "group 1"
  },
  "target": {
    "username": "Other",
    "email": "other@example.com",
    "firstName": "New",
    "lastName": "User",
    "pdgaNumber": 0,
    "jwt": null,
    "publicList": false,
    "publicDiscCount": false,
    "discCount": 0
  },
  "type": "KICK",
  "status": "COMPLETED",
  "info": "Request completed"
}
