[{
  "group": {
    "id": 1,
    "name": "group 1"
  },
  "source": {
    "username": "User",
    "email": "test@example.com",
    "firstName": "New",
    "lastName": "User",
    "pdgaNumber": 0,
    "jwt": null,
    "publicList": false,
    "publicDiscCount": false,
    "discCount": 0
  },
  "target": {
    "username": "Other",
    "email": "other@example.com",
    "firstName": "New",
    "lastName": "User",
    "pdgaNumber": 0,
    "jwt": null,
    "publicList": false,
    "publicDiscCount": false,
    "discCount": 0
  },
  "type": "JOIN",
  "status": "REQUESTED",
  "info": "info"
}]
