[
  {
    "id": 1,
    "name": "group 1"
  },
  {
    "id": 2,
    "name": "group 2"
  }
]