{
  "content": [
    {
      "name": "S-Line",
      "manufacturer": {
        "name": "Discmania"
      },
      "id": 0
    },
    {
      "name": "C-Line",
      "manufacturer": {
        "name": "Discmania"
      },
      "id": 1
    },
    {
      "name": "Star",
      "manufacturer": {
        "name": "Innova"
      },
      "id": 10
    },
    {
      "name": "Champion",
      "manufacturer": {
        "name": "Innova"
      },
      "id": 11
    },
    {
      "name": "VIP",
      "manufacturer": {
        "name": "Westside"
      },
      "id": 20
    }
  ],
  "pageable": "INSTANCE",
  "last": true,
  "totalPages": 1,
  "totalElements": 5,
  "first": true,
  "sort": {
    "sorted": false,
    "unsorted": true,
    "empty": true
  },
  "number": 0,
  "numberOfElements": 5,
  "size": 5,
  "empty": false
}