{
  "id": 66,
  "manufacturer": {
    "name": "Discmania"
  },
  "name": "New Plastic"
}