{
  "content": [
    {
      "name": "S-Line",
      "manufacturer": {
        "name": "Discmania"
      },
      "id": 0
    },
    {
      "name": "C-Line",
      "manufacturer": {
        "name": "Discmania"
      },
      "id": 1
    }
  ],
  "pageable": "INSTANCE",
  "last": true,
  "totalPages": 1,
  "totalElements": 2,
  "first": true,
  "sort": {
    "sorted": false,
    "unsorted": true,
    "empty": true
  },
  "number": 0,
  "numberOfElements": 2,
  "size": 2,
  "empty": false
}