[
  {
    "username": "User",
    "email": "test@example.com",
    "level": 1,
    "etunimi": "Uusi",
    "sukunimi": "Käyttäjä",
    "pdga_num": 0,
    "jwt": null,
    "publicList": false,
    "publicDiscCount": false,
    "discCount": 0
  },
  {
    "username": "Other",
    "email": "other@example.com",
    "level": 1,
    "etunimi": "Uusi",
    "sukunimi": "Käyttäjä",
    "pdga_num": 0,
    "jwt": null,
    "publicList": false,
    "publicDiscCount": false,
    "discCount": 0
  },
  {
    "username": "Admin",
    "email": "admin@example.com",
    "level": 2,
    "etunimi": "Uusi",
    "sukunimi": "Käyttäjä",
    "pdga_num": 0,
    "jwt": null,
    "publicList": false,
    "publicDiscCount": false,
    "discCount": 0
  }
]