{
  "username": "User",
  "email": "test@example.com",
  "level": 1,
  "firstName": "New",
  "lastName": "User",
  "pdgaNumber": 0,
  "jwt": null,
  "publicList": false,
  "publicDiscCount": false,
  "discCount": 0
}