[
  {
    "direction": "ASC",
    "property": "mold.manufacturer.name"
  },
  {
    "direction": "ASC",
    "property": "mold.speed"
  },
  {
    "direction": "ASC",
    "property": "plastic.name"
  }
]