{
  "content": [
    {
      "mold": "Harp",
      "muovi": "VIP",
      "lost": false,
      "ownerEmail": "other@example.com",
      "publicDisc": true,
      "myynnissa": false,
      "valmId": 2,
      "kuva": "",
      "moldId": 20,
      "muoviId": 20,
      "variId": 1,
      "vari": "Keltainen",
      "paino": 175,
      "kunto": 10,
      "hohto": false,
      "spessu": false,
      "dyed": false,
      "swirly": false,
      "tussit": 1,
      "hinta": 0,
      "muuta": "",
      "loytokiekko": false,
      "itb": false,
      "omistaja": "Other",
      "valmistaja": "Westside",
      "nopeus": 4.0,
      "liito": 3.0,
      "vakaus": 0.0,
      "feidi": 3.0
    }
  ],
  "pageable": "INSTANCE",
  "last": true,
  "totalPages": 1,
  "totalElements": 1,
  "first": true,
  "sort": {
    "sorted": false,
    "unsorted": true,
    "empty": true
  },
  "number": 0,
  "numberOfElements": 1,
  "size": 1,
  "empty": false
}