{
  "myynnissa": false,
  "mold": "FD",
  "lost": false,
  "ownerEmail": "test@example.com",
  "publicDisc": true,
  "muovi": "S-Line",
  "valmId": 0,
  "kuva": "",
  "moldId": 0,
  "muoviId": 0,
  "variId": 0,
  "vari": "Valkoinen",
  "paino": 175,
  "kunto": 10,
  "hohto": false,
  "spessu": false,
  "dyed": false,
  "swirly": false,
  "tussit": 1,
  "hinta": 0,
  "muuta": "",
  "loytokiekko": false,
  "itb": false,
  "omistaja": "User",
  "valmistaja": "Discmania",
  "nopeus": 7.0,
  "liito": 6.0,
  "vakaus": -1.0,
  "feidi": 1.0
}