{
   "id": 3,
  "owner": {
     "id": 1,
    "username": "User",
    "email": "test@example.com",
    "firstName": "New",
    "lastName": "User",
    "pdgaNumber": 0,
    "roles": [],
    "groups": [
      {
        "id": 1,
        "name": "group 1"
      }
    ]
  },
  "mold": {
     "id": 1,
    "manufacturer": {
       "id": 1,
      "name": "Test manufacturer",
      "value": 1
    },
    "name": "Test mold",
    "speed": 0,
    "glide": 0,
    "stability": 0,
    "fade": 0,
    "value": 1
  },
  "plastic": {
     "id": 1,
    "manufacturer": {
       "id": 1,
      "name": "Test manufacturer",
      "value": 1
    },
    "name": "Test plastic",
    "value": 1
  },
  "color": {
     "id": 1,
    "name": "Test color",
    "value": 1
  },
  "image": "",
  "weight": 175,
  "condition": 10,
  "glow": false,
  "special": false,
  "dyed": false,
  "swirly": false,
  "markings": 1,
  "forSale": false,
  "price": 0,
  "description": "",
  "lostAndFound": false,
  "itb": false,
  "publicDisc": false,
  "lost": false
}
