[
  {
    "myynnissa": false,
    "hinta": 0,
    "muuta": "",
    "loytokiekko": false,
    "itb": false,
    "publicDisc": true,
    "lost": false,
    "mold": "Test mold",
    "muovi": "Test plastic",
    "vari": "Test color",
    "kuva": "",
    "paino": 175,
    "kunto": 10,
    "hohto": false,
    "spessu": false,
    "dyed": false,
    "swirly": false,
    "tussit": 1,
    "valmistaja": "Test manufacturer",
    "nopeus": 0.0,
    "liito": 0.0,
    "vakaus": 0.0,
    "feidi": 0.0,
    "valmId": 1,
    "moldId": 1,
    "muoviId": 1,
    "variId": 1,
    "ownerEmail": "other@example.com",
    "omistaja": "Other",
    "id": 8
  },
  {
    "myynnissa": false,
    "hinta": 0,
    "muuta": "",
    "loytokiekko": false,
    "itb": false,
    "publicDisc": true,
    "lost": false,
    "mold": "Test mold",
    "muovi": "Test plastic",
    "vari": "Test color",
    "kuva": "",
    "paino": 175,
    "kunto": 10,
    "hohto": false,
    "spessu": false,
    "dyed": false,
    "swirly": false,
    "tussit": 1,
    "valmistaja": "Test manufacturer",
    "nopeus": 0.0,
    "liito": 0.0,
    "vakaus": 0.0,
    "feidi": 0.0,
    "valmId": 1,
    "moldId": 1,
    "muoviId": 1,
    "variId": 1,
    "ownerEmail": "other@example.com",
    "omistaja": "Other",
    "id": 9
  },
  {
    "myynnissa": false,
    "hinta": 0,
    "muuta": "",
    "loytokiekko": false,
    "itb": false,
    "publicDisc": true,
    "lost": false,
    "mold": "Test mold",
    "muovi": "Test plastic",
    "vari": "Test color",
    "kuva": "",
    "paino": 175,
    "kunto": 10,
    "hohto": false,
    "spessu": false,
    "dyed": false,
    "swirly": false,
    "tussit": 1,
    "valmistaja": "Test manufacturer",
    "nopeus": 0.0,
    "liito": 0.0,
    "vakaus": 0.0,
    "feidi": 0.0,
    "valmId": 1,
    "moldId": 1,
    "muoviId": 1,
    "variId": 1,
    "ownerEmail": "other@example.com",
    "omistaja": "Other",
    "id": 10
  },
  {
    "myynnissa": false,
    "hinta": 0,
    "muuta": "",
    "loytokiekko": false,
    "itb": false,
    "publicDisc": true,
    "lost": false,
    "mold": "Test mold",
    "muovi": "Test plastic",
    "vari": "Test color",
    "kuva": "",
    "paino": 175,
    "kunto": 10,
    "hohto": false,
    "spessu": false,
    "dyed": false,
    "swirly": false,
    "tussit": 1,
    "valmistaja": "Test manufacturer",
    "nopeus": 0.0,
    "liito": 0.0,
    "vakaus": 0.0,
    "feidi": 0.0,
    "valmId": 1,
    "moldId": 1,
    "muoviId": 1,
    "variId": 1,
    "ownerEmail": "other@example.com",
    "omistaja": "Other",
    "id": 11
  },
  {
    "myynnissa": false,
    "hinta": 0,
    "muuta": "",
    "loytokiekko": false,
    "itb": false,
    "publicDisc": true,
    "lost": false,
    "mold": "Test mold",
    "muovi": "Test plastic",
    "vari": "Test color",
    "kuva": "",
    "paino": 175,
    "kunto": 10,
    "hohto": false,
    "spessu": false,
    "dyed": false,
    "swirly": false,
    "tussit": 1,
    "valmistaja": "Test manufacturer",
    "nopeus": 0.0,
    "liito": 0.0,
    "vakaus": 0.0,
    "feidi": 0.0,
    "valmId": 1,
    "moldId": 1,
    "muoviId": 1,
    "variId": 1,
    "ownerEmail": "other@example.com",
    "omistaja": "Other",
    "id": 12
  }
]