{
  "content": [
    {
      "id": 3,
      "owner": {
        "id": 1,
        "username": "User",
        "email": "test@example.com"
      },
      "mold": {
        "id": 1,
        "manufacturer": {
          "id": 1,
          "name": "Test manufacturer"
        },
        "name": "Test mold",
        "speed": 0,
        "glide": 0,
        "stability": 0,
        "fade": 0
      },
      "plastic": {
        "id": 1,
        "manufacturer": {
          "id": 1,
          "name": "Test manufacturer"
        },
        "name": "Test plastic"
      },
      "color": {
        "id": 1,
        "name": "Test color"
      },
      "image": "",
      "weight": 175,
      "condition": 10,
      "glow": false,
      "special": false,
      "dyed": false,
      "swirly": false,
      "markings": 1,
      "forSale": false,
      "price": 0,
      "description": "",
      "lostAndFound": false,
      "itb": false,
      "publicDisc": false,
      "lost": false
    },
    {
      "id": 4,
      "owner": {
        "id": 1,
        "username": "User",
        "email": "test@example.com"
      },
      "mold": {
        "id": 1,
        "manufacturer": {
          "id": 1,
          "name": "Test manufacturer"
        },
        "name": "Test mold",
        "speed": 0,
        "glide": 0,
        "stability": 0,
        "fade": 0
      },
      "plastic": {
        "id": 1,
        "manufacturer": {
          "id": 1,
          "name": "Test manufacturer"
        },
        "name": "Test plastic"
      },
      "color": {
        "id": 1,
        "name": "Test color"
      },
      "image": "",
      "weight": 175,
      "condition": 10,
      "glow": false,
      "special": false,
      "dyed": false,
      "swirly": false,
      "markings": 1,
      "forSale": false,
      "price": 0,
      "description": "",
      "lostAndFound": false,
      "itb": false,
      "publicDisc": false,
      "lost": false
    },
    {
      "id": 5,
      "owner": {
        "id": 1,
        "username": "User",
        "email": "test@example.com"
      },
      "mold": {
        "id": 1,
        "manufacturer": {
          "id": 1,
          "name": "Test manufacturer"
        },
        "name": "Test mold",
        "speed": 0,
        "glide": 0,
        "stability": 0,
        "fade": 0
      },
      "plastic": {
        "id": 1,
        "manufacturer": {
          "id": 1,
          "name": "Test manufacturer"
        },
        "name": "Test plastic"
      },
      "color": {
        "id": 1,
        "name": "Test color"
      },
      "image": "",
      "weight": 175,
      "condition": 10,
      "glow": false,
      "special": false,
      "dyed": false,
      "swirly": false,
      "markings": 1,
      "forSale": false,
      "price": 0,
      "description": "",
      "lostAndFound": false,
      "itb": false,
      "publicDisc": false,
      "lost": false
    },
    {
      "id": 6,
      "owner": {
        "id": 1,
        "username": "User",
        "email": "test@example.com"
      },
      "mold": {
        "id": 1,
        "manufacturer": {
          "id": 1,
          "name": "Test manufacturer"
        },
        "name": "Test mold",
        "speed": 0,
        "glide": 0,
        "stability": 0,
        "fade": 0
      },
      "plastic": {
        "id": 1,
        "manufacturer": {
          "id": 1,
          "name": "Test manufacturer"
        },
        "name": "Test plastic"
      },
      "color": {
        "id": 1,
        "name": "Test color"
      },
      "image": "",
      "weight": 175,
      "condition": 10,
      "glow": false,
      "special": false,
      "dyed": false,
      "swirly": false,
      "markings": 1,
      "forSale": false,
      "price": 0,
      "description": "",
      "lostAndFound": false,
      "itb": false,
      "publicDisc": false,
      "lost": false
    },
    {
      "id": 7,
      "owner": {
        "id": 1,
        "username": "User",
        "email": "test@example.com"
      },
      "mold": {
        "id": 1,
        "manufacturer": {
          "id": 1,
          "name": "Test manufacturer"
        },
        "name": "Test mold",
        "speed": 0,
        "glide": 0,
        "stability": 0,
        "fade": 0
      },
      "plastic": {
        "id": 1,
        "manufacturer": {
          "id": 1,
          "name": "Test manufacturer"
        },
        "name": "Test plastic"
      },
      "color": {
        "id": 1,
        "name": "Test color"
      },
      "image": "",
      "weight": 175,
      "condition": 10,
      "glow": false,
      "special": false,
      "dyed": false,
      "swirly": false,
      "markings": 1,
      "forSale": true,
      "price": 0,
      "description": "",
      "lostAndFound": false,
      "itb": false,
      "publicDisc": false,
      "lost": false
    }
  ],
  "pageable": "INSTANCE",
  "last": true,
  "totalPages": 1,
  "totalElements": 5,
  "size": 5,
  "number": 0,
  "sort": {
    "sorted": false,
    "unsorted": true,
    "empty": true
  },
  "first": true,
  "numberOfElements": 5,
  "empty": false
}